fsl_clock.h:990:20:CLOCK_SetMux	24	static
fsl_clock.h:1027:20:CLOCK_SetDiv	24	static
fsl_clock.h:1063:20:CLOCK_ControlGate	32	static
fsl_clock.h:1090:20:CLOCK_DisableClock	16	static
fsl_clock.h:1222:20:CLOCK_SetXtalFreq	16	static
fsl_clock.h:1232:20:CLOCK_SetRtcXtalFreq	16	static
fsl_clock.h:1289:20:CLOCK_SetPllBypass	24	static
fsl_iomuxc.h:1322:20:IOMUXC_EnableMode	24	static
fsl_iomuxc.h:1345:20:IOMUXC_SetSaiMClkClockSource	24	static
fsl_iomuxc.h:1405:20:IOMUXC_MQSConfig	24	static
clock_config.c:42:6:BOARD_InitBootClocks	8	static
clock_config.c:171:6:BOARD_BootClockRUN	16	static
