usb_device_ehci.c:143:13:USB_DeviceEhciSetDefaultState	32	static
usb_device_ehci.c:215:21:USB_DeviceEhciEndpointInit	32	static
usb_device_ehci.c:300:21:USB_DeviceEhciEndpointDeinit	24	static
usb_device_ehci.c:347:21:USB_DeviceEhciEndpointStall	24	static
usb_device_ehci.c:396:21:USB_DeviceEhciEndpointUnstall	24	static
usb_device_ehci.c:428:13:USB_DeviceEhciFillSetupBuffer	24	static
usb_device_ehci.c:465:13:USB_DeviceEhciCancelControlPipe	40	static
usb_device_ehci.c:545:13:USB_DeviceEhciInterruptTokenDone	56	static
usb_device_ehci.c:761:13:USB_DeviceEhciInterruptPortChange	32	static
usb_device_ehci.c:811:13:USB_DeviceEhciInterruptReset	32	static
usb_device_ehci.c:853:13:USB_DeviceEhciInterruptSof	16	static
usb_device_ehci.c:899:21:USB_DeviceEhciTransfer	80	static
usb_device_ehci.c:1104:14:USB_EhciGetValidEhciState	24	static
usb_device_ehci.c:1189:14:USB_DeviceEhciInit	48	static
usb_device_ehci.c:1322:14:USB_DeviceEhciDeinit	24	static
usb_device_ehci.c:1376:14:USB_DeviceEhciSend	24	static
usb_device_ehci.c:1408:14:USB_DeviceEhciRecv	24	static
usb_device_ehci.c:1430:14:USB_DeviceEhciCancel	48	static
usb_device_ehci.c:1558:14:USB_DeviceEhciControl	48	static
usb_device_ehci.c:1813:6:USB_DeviceEhciIsrFunction	32	static
