fsl_clock.h:1063:20:CLOCK_ControlGate	12	static
fsl_lpuart.c:189:13:LPUART_ReadNonBlocking	12	static
fsl_lpuart.c:113:10:LPUART_GetInstance	0	static
fsl_lpuart.c:137:8:LPUART_TransferGetRxRingBufferLength	0	static
fsl_lpuart.c:243:10:LPUART_Init	40	static
fsl_lpuart.c:455:6:LPUART_Deinit	8	static
fsl_lpuart.c:519:6:LPUART_GetDefaultConfig	8	static
fsl_lpuart.c:564:10:LPUART_SetBaudRate	32	static
fsl_lpuart.c:657:6:LPUART_EnableInterrupts	8	static
fsl_lpuart.c:681:6:LPUART_DisableInterrupts	8	static
fsl_lpuart.c:712:10:LPUART_GetEnabledInterrupts	0	static
fsl_lpuart.c:741:10:LPUART_GetStatusFlags	0	static
fsl_lpuart.c:1440:6:LPUART_TransferHandleIRQ	32	static
fsl_lpuart.c:772:10:LPUART_ClearStatusFlags	8	static
fsl_lpuart.c:825:10:LPUART_WriteBlocking	0	static
fsl_lpuart.c:890:10:LPUART_ReadBlocking	32	static
fsl_lpuart.c:1009:6:LPUART_TransferCreateHandle	24	static
fsl_lpuart.c:1074:6:LPUART_TransferStartRingBuffer	0	static
fsl_lpuart.c:1101:6:LPUART_TransferStopRingBuffer	8	static
fsl_lpuart.c:1136:10:LPUART_TransferSendNonBlocking	8	static
fsl_lpuart.c:1175:6:LPUART_TransferAbortSend	8	static
fsl_lpuart.c:1198:10:LPUART_TransferGetSendCount	8	static
fsl_lpuart.c:1256:10:LPUART_TransferReceiveNonBlocking	32	static
fsl_lpuart.c:1383:6:LPUART_TransferAbortReceive	8	static
fsl_lpuart.c:1412:10:LPUART_TransferGetReceiveCount	0	static
fsl_lpuart.c:1675:6:LPUART_TransferHandleErrorIRQ	0	static
fsl_lpuart.c:1801:6:LPUART1_DriverIRQHandler	8	static
fsl_lpuart.c:1823:6:LPUART2_DriverIRQHandler	8	static
fsl_lpuart.c:1844:6:LPUART3_DriverIRQHandler	8	static
fsl_lpuart.c:1865:6:LPUART4_DriverIRQHandler	8	static
fsl_lpuart.c:1886:6:LPUART5_DriverIRQHandler	8	static
fsl_lpuart.c:1907:6:LPUART6_DriverIRQHandler	8	static
fsl_lpuart.c:1928:6:LPUART7_DriverIRQHandler	8	static
fsl_lpuart.c:1949:6:LPUART8_DriverIRQHandler	8	static
