fsl_clock.h:1113:24:CLOCK_GetOscFreq	0	static
fsl_clock.c:159:6:CLOCK_InitExternalClk	0	static
fsl_clock.c:183:6:CLOCK_DeinitExternalClk	0	static
fsl_clock.c:195:6:CLOCK_SwitchOsc	0	static
fsl_clock.c:210:6:CLOCK_InitRcOsc24M	0	static
fsl_clock.c:218:6:CLOCK_DeinitRcOsc24M	0	static
fsl_clock.c:410:6:CLOCK_EnableUsbhs0Clock	0	static
fsl_clock.c:437:6:CLOCK_EnableUsbhs1Clock	0	static
fsl_clock.c:486:6:CLOCK_DisableUsbhs0PhyPllClock	0	static
fsl_clock.c:499:6:CLOCK_InitArmPll	0	static
fsl_clock.c:520:6:CLOCK_DeinitArmPll	0	static
fsl_clock.c:532:6:CLOCK_InitSysPll	0	static
fsl_clock.c:562:6:CLOCK_DeinitSysPll	0	static
fsl_clock.c:574:6:CLOCK_InitUsb1Pll	0	static
fsl_clock.c:462:6:CLOCK_EnableUsbhs0PhyPllClock	16	static
fsl_clock.c:595:6:CLOCK_DeinitUsb1Pll	0	static
fsl_clock.c:607:6:CLOCK_InitUsb2Pll	0	static
fsl_clock.c:628:6:CLOCK_DeinitUsb2Pll	0	static
fsl_clock.c:640:6:CLOCK_InitAudioPll	0	static
fsl_clock.c:715:6:CLOCK_DeinitAudioPll	0	static
fsl_clock.c:727:6:CLOCK_InitVideoPll	0	static
fsl_clock.c:801:6:CLOCK_DeinitVideoPll	0	static
fsl_clock.c:813:6:CLOCK_InitEnetPll	8	static
fsl_clock.c:855:6:CLOCK_DeinitEnetPll	0	static
fsl_clock.c:868:10:CLOCK_GetPllFreq	24	static
fsl_clock.c:1092:6:CLOCK_InitSysPfd	8	static
fsl_clock.c:1115:6:CLOCK_DeinitSysPfd	0	static
fsl_clock.c:1130:6:CLOCK_InitUsb1Pfd	8	static
fsl_clock.c:1153:6:CLOCK_DeinitUsb1Pfd	0	static
fsl_clock.c:1166:10:CLOCK_GetSysPfdFreq	8	static
fsl_clock.c:79:17:CLOCK_GetPeriphClkFreq	8	static
fsl_clock.c:228:10:CLOCK_GetAhbFreq	8	static
fsl_clock.c:272:10:CLOCK_GetIpgFreq	8	static
fsl_clock.c:282:10:CLOCK_GetPerClkFreq	8	static
fsl_clock.c:1205:10:CLOCK_GetUsb1PfdFreq	8	static
fsl_clock.c:238:10:CLOCK_GetSemcFreq	8	static
fsl_clock.c:311:10:CLOCK_GetFreq	0	static
fsl_clock.c:1245:6:CLOCK_EnableUsbhs1PhyPllClock	16	static
fsl_clock.c:1263:6:CLOCK_DisableUsbhs1PhyPllClock	0	static
