fsl_os_abstraction_bm.c:145:18:main_task	0	static
fsl_os_abstraction_bm.c:182:7:OSA_MemoryAllocate	16	static
fsl_os_abstraction_bm.c:200:6:OSA_MemoryFree	0	static
fsl_os_abstraction_bm.c:205:6:OSA_EnterCritical	0	static
fsl_os_abstraction_bm.c:210:6:OSA_ExitCritical	0	static
fsl_os_abstraction_bm.c:221:6:OSA_EnableIRQGlobal	0	static
fsl_os_abstraction_bm.c:242:6:OSA_DisableIRQGlobal	0	static
fsl_os_abstraction_bm.c:415:18:OSA_TimeInit	0	static
fsl_os_abstraction_bm.c:432:22:OSA_TimeDiff	0	static
fsl_os_abstraction_bm.c:450:6:OSA_TimeDelay	0	static
fsl_os_abstraction_bm.c:469:22:OSA_TimeGetMsec	0	static
fsl_os_abstraction_bm.c:485:14:OSA_SemaphoreCreate	0	static
fsl_os_abstraction_bm.c:504:14:OSA_SemaphoreDestroy	8	static
fsl_os_abstraction_bm.c:527:14:OSA_SemaphoreWait	16	static
fsl_os_abstraction_bm.c:592:14:OSA_SemaphorePost	16	static
fsl_os_abstraction_bm.c:617:14:OSA_MutexCreate	0	static
fsl_os_abstraction_bm.c:641:14:OSA_MutexLock	16	static
fsl_os_abstraction_bm.c:703:14:OSA_MutexUnlock	16	static
fsl_os_abstraction_bm.c:721:14:OSA_MutexDestroy	0	static
fsl_os_abstraction_bm.c:738:14:OSA_EventCreate	0	static
fsl_os_abstraction_bm.c:761:14:OSA_EventSet	16	static
fsl_os_abstraction_bm.c:786:14:OSA_EventClear	16	static
fsl_os_abstraction_bm.c:816:14:OSA_EventGet	16	static
fsl_os_abstraction_bm.c:848:14:OSA_EventWait	32	static
fsl_os_abstraction_bm.c:932:14:OSA_EventDestroy	8	static
fsl_os_abstraction_bm.c:951:14:OSA_MsgQCreate	0	static
fsl_os_abstraction_bm.c:973:14:OSA_MsgQPut	16	static
fsl_os_abstraction_bm.c:1032:14:OSA_MsgQGet	16	static
fsl_os_abstraction_bm.c:1123:14:OSA_MsgQDestroy	8	static
fsl_os_abstraction_bm.c:1141:6:OSA_InterruptEnable	0	static
fsl_os_abstraction_bm.c:1151:6:OSA_InterruptDisable	0	static
fsl_os_abstraction_bm.c:1162:6:OSA_InstallIntHandler	0	static
