usb_device_dci.c:110:21:USB_DeviceAllocateHandle	24	static
usb_device_dci.c:149:21:USB_DeviceFreeHandle	24	static
usb_device_dci.c:201:21:USB_DeviceGetControllerInterface	24	static
usb_device_dci.c:261:21:USB_DeviceTransfer	48	static
usb_device_dci.c:342:21:USB_DeviceControl	32	static
usb_device_dci.c:375:21:USB_DeviceResetNotification	24	static
usb_device_dci.c:563:21:USB_DeviceNotification	40	static
usb_device_dci.c:648:14:USB_DeviceNotificationTrigger	24	static
usb_device_dci.c:704:14:USB_DeviceInit	40	static
usb_device_dci.c:803:14:USB_DeviceRun	16	static
usb_device_dci.c:819:14:USB_DeviceStop	16	static
usb_device_dci.c:833:14:USB_DeviceDeinit	24	static
usb_device_dci.c:887:14:USB_DeviceSendRequest	24	static
usb_device_dci.c:919:14:USB_DeviceRecvRequest	24	static
usb_device_dci.c:939:14:USB_DeviceCancel	24	static
usb_device_dci.c:978:14:USB_DeviceInitEndpoint	32	static
usb_device_dci.c:1028:14:USB_DeviceDeinitEndpoint	24	static
usb_device_dci.c:1082:14:USB_DeviceStallEndpoint	16	static
usb_device_dci.c:1107:14:USB_DeviceUnstallEndpoint	16	static
usb_device_dci.c:1134:14:USB_DeviceGetStatus	32	static
usb_device_dci.c:1198:14:USB_DeviceSetStatus	32	static
usb_device_dci.c:1336:6:USB_DeviceGetVersion	16	static
