fsl_clock.h:1113:24:CLOCK_GetOscFreq	4	static
fsl_clock.h:1212:24:CLOCK_GetRtcFreq	4	static
fsl_clock.h:1310:20:CLOCK_IsPllBypassed	16	static
fsl_clock.h:1324:20:CLOCK_IsPllEnabled	16	static
fsl_clock.h:1350:24:CLOCK_GetPllBypassRefClk	16	static
fsl_clock.c:79:17:CLOCK_GetPeriphClkFreq	16	static
fsl_clock.c:159:6:CLOCK_InitExternalClk	16	static
fsl_clock.c:183:6:CLOCK_DeinitExternalClk	4	static
fsl_clock.c:195:6:CLOCK_SwitchOsc	16	static
fsl_clock.c:210:6:CLOCK_InitRcOsc24M	4	static
fsl_clock.c:218:6:CLOCK_DeinitRcOsc24M	4	static
fsl_clock.c:228:10:CLOCK_GetAhbFreq	8	static
fsl_clock.c:238:10:CLOCK_GetSemcFreq	16	static
fsl_clock.c:272:10:CLOCK_GetIpgFreq	8	static
fsl_clock.c:282:10:CLOCK_GetPerClkFreq	16	static
fsl_clock.c:311:10:CLOCK_GetFreq	24	static
fsl_clock.c:410:6:CLOCK_EnableUsbhs0Clock	24	static
fsl_clock.c:437:6:CLOCK_EnableUsbhs1Clock	24	static
fsl_clock.c:462:6:CLOCK_EnableUsbhs0PhyPllClock	24	static
fsl_clock.c:486:6:CLOCK_DisableUsbhs0PhyPllClock	4	static
fsl_clock.c:499:6:CLOCK_InitArmPll	16	static
fsl_clock.c:520:6:CLOCK_DeinitArmPll	4	static
fsl_clock.c:532:6:CLOCK_InitSysPll	16	static
fsl_clock.c:562:6:CLOCK_DeinitSysPll	4	static
fsl_clock.c:574:6:CLOCK_InitUsb1Pll	16	static
fsl_clock.c:595:6:CLOCK_DeinitUsb1Pll	4	static
fsl_clock.c:607:6:CLOCK_InitUsb2Pll	16	static
fsl_clock.c:628:6:CLOCK_DeinitUsb2Pll	4	static
fsl_clock.c:640:6:CLOCK_InitAudioPll	24	static
fsl_clock.c:715:6:CLOCK_DeinitAudioPll	4	static
fsl_clock.c:727:6:CLOCK_InitVideoPll	24	static
fsl_clock.c:801:6:CLOCK_DeinitVideoPll	4	static
fsl_clock.c:813:6:CLOCK_InitEnetPll	24	static
fsl_clock.c:855:6:CLOCK_DeinitEnetPll	4	static
fsl_clock.c:868:10:CLOCK_GetPllFreq	56	static
fsl_clock.c:1092:6:CLOCK_InitSysPfd	24	static
fsl_clock.c:1115:6:CLOCK_DeinitSysPfd	16	static
fsl_clock.c:1130:6:CLOCK_InitUsb1Pfd	24	static
fsl_clock.c:1153:6:CLOCK_DeinitUsb1Pfd	16	static
fsl_clock.c:1166:10:CLOCK_GetSysPfdFreq	24	static
fsl_clock.c:1205:10:CLOCK_GetUsb1PfdFreq	24	static
fsl_clock.c:1245:6:CLOCK_EnableUsbhs1PhyPllClock	24	static
fsl_clock.c:1263:6:CLOCK_DisableUsbhs1PhyPllClock	4	static
