core_cm7.h:1902:22:__NVIC_EnableIRQ	16	static
core_cm7.h:2032:22:__NVIC_SetPriority	16	static
fsl_common.h:484:28:EnableIRQ	16	static
virtual_com.c:121:6:USB_OTG1_IRQHandler	8	static
virtual_com.c:126:6:USB_OTG2_IRQHandler	8	static
virtual_com.c:131:6:USB_DeviceClockInit	16	static
virtual_com.c:151:6:USB_DeviceIsrEnable	16	static
virtual_com.c:179:14:USB_DeviceCdcVcomCallback	48	static
virtual_com.c:429:14:USB_DeviceCallback	40	static
virtual_com.c:519:6:APPInit	8	static
virtual_com.c:555:6:APPTask	24	static
virtual_com.c:630:5:main	8	static
